encoding 949
part_number_prefix "MGT"
assembly_number_prefix "GT"
part_number_start_no 1
assembly_number_start_no 1
name "GIRTH"
profile "C100X50X20X3.2"
material "SS275"
finish ""
part_group "8"
dx1 0.000000
dy1 0.000000
dz1 0.000000
dx2 0.000000
dy2 0.000000
dz2 0.000000
position_plane 0
value_position_plane 0.000000
rotation 2
value_rotation 0.000000
position_depth 2
value_position_depth 0.000000
beam_curve 0
radius 0.000000
no_of_segments 10
WarpingAngle1 0.000000
WarpingAngle2 0.000000
Shortening 0.000000
Cambering 0.000000
CoverThicknessStart 0.000000
CoverThicknessEnd 0.000000
CoverThicknessTop 0.000000
CoverThicknessBottom 0.000000
CoverThicknessLeft 0.000000
CoverThicknessRight 0.000000
CutPartByFatherCuts 0
aInFile "BEAM"
aOutFile "BEAM"
AssemblyType 0
PourPhase 0
part_prefix_enable 1
part_number_enable 1
assembly_prefix_enable 1
assembly_number_enable 1
name_enable 1
profile_enable 1
material_enable 1
finish_enable 1
group_enable 1
dx1_enable 1
dy1_enable 1
dz1_enable 1
dx2_enable 1
dy2_enable 1
dz2_enable 1
position_plane_enable 1
rotation_enable 1
position_depth_enable 1
all_values_enable 1
radius_enable 1
mainpart_enable 1
more_enable 1
warping_angle1_enable 1
warping_angle2_enable 1
shortening_enable 1
cambering_enable 1
cover_thickness_start_enable 1
cover_thickness_end_enable 1
cover_thickness_top_enable 1
cover_thickness_bottom_enable 1
cover_thickness_left_enable 1
cover_thickness_right_enable 1
cut_part_by_father_cuts_enable 1
assembly_type_enable 1
pour_phase_enable 1
