template _tmp_836
{
    name = "template1";
    type = TEXTUAL;
    width = 60;
    maxheight = 30;
    columns = (1, 1);
    gap = 0;
    fillpolicy = EVEN;
    filldirection = HORIZONTAL;
    margins = (0, 0, 0, 0);
    gridxspacing = 1;
    gridyspacing = 1;
    version = 3.21;
    created = "02.09.2008 09:20";
    modified = "15.09.2008 12:06";
    notes = "";

    row _tmp_862
    {
        name = "ASSEMBLY";
        height = 1;
        visibility = TRUE;
        usecolumns = FALSE;
        rule = "";
        contenttype = "ASSEMBLY";
        sorttype = COMBINE;

        text _tmp_982
        {
            name = "Assembly position:";
            x1 = 0;
            y1 = 0;
            x2 = 0;
            y2 = 0;
            string = "Assembly position: ";
            fontname = "Courier New";
            fontcolor = 153;
            fonttype = 2;
            fontsize = 2.5;
            fontratio = 1;
            fontslant = 0;
            fontstyle = 0;
            angle = 0;
            justify = LEFT;
            pen = -1;
        };

        valuefield _tmp_1559
        {
            name = "ASSEMBLY_POS_field";
            location = (19, 0);
            formula = "GetValue(\"ASSEMBLY_POS\")";
            datatype = STRING;
            class = "";
            cacheable = TRUE;
            justify = LEFT;
            visibility = TRUE;
            angle = 0;
            length = 10;
            sortdirection = NONE;
            fontname = "Courier New";
            fontcolor = 153;
            fonttype = 2;
            fontsize = 5;
            fontratio = 1.5;
            fontstyle = 0;
            fontslant = 0;
            pen = -1;
            oncombine = NONE;
        };
    };

    row _tmp_889
    {
        name = "ASSEMBLY_1";
        height = 1;
        visibility = TRUE;
        usecolumns = FALSE;
        rule = "";
        contenttype = "ASSEMBLY";
        sorttype = COMBINE;

        valuefield _tmp_890
        {
            name = "LENGTH_field";
            location = (22, 0);
            formula = "GetValue(\"LENGTH\")";
            datatype = DOUBLE;
            class = "Length";
            cacheable = TRUE;
            justify = LEFT;
            visibility = TRUE;
            angle = 0;
            length = 8;
            decimals = 1;
            sortdirection = NONE;
            fontname = "Courier New";
            fontcolor = 153;
            fonttype = 2;
            fontsize = 5;
            fontratio = 1.5;
            fontstyle = 0;
            fontslant = 0;
            pen = -1;
            oncombine = NONE;
            unit = "mm";
        };

        text _tmp_983
        {
            name = "Assembly length:";
            x1 = 0;
            y1 = 0;
            x2 = 0;
            y2 = 0;
            string = "Assembly length (mm): ";
            fontname = "Courier New";
            fontcolor = 153;
            fonttype = 2;
            fontsize = 2.5;
            fontratio = 1;
            fontslant = 0;
            fontstyle = 0;
            angle = 0;
            justify = LEFT;
            pen = -1;
        };
    };

    row _tmp_916
    {
        name = "ASSEMBLY_2";
        height = 1;
        visibility = TRUE;
        usecolumns = FALSE;
        rule = "";
        contenttype = "ASSEMBLY";
        sorttype = COMBINE;

        valuefield _tmp_917
        {
            name = "WEIGHT_field";
            location = (22, 0);
            formula = "GetValue(\"WEIGHT\")";
            datatype = DOUBLE;
            class = "Weight";
            cacheable = TRUE;
            justify = LEFT;
            visibility = TRUE;
            angle = 0;
            length = 8;
            decimals = 1;
            sortdirection = NONE;
            fontname = "Courier New";
            fontcolor = 153;
            fonttype = 2;
            fontsize = 5;
            fontratio = 1.5;
            fontstyle = 0;
            fontslant = 0;
            pen = -1;
            oncombine = NONE;
            unit = "kg";
        };

        text _tmp_984
        {
            name = "Assembly weight:";
            x1 = 0;
            y1 = 0;
            x2 = 0;
            y2 = 0;
            string = "Assembly weight (kg): ";
            fontname = "Courier New";
            fontcolor = 153;
            fonttype = 2;
            fontsize = 2.5;
            fontratio = 1;
            fontslant = 0;
            fontstyle = 0;
            angle = 0;
            justify = LEFT;
            pen = -1;
        };
    };

    row _tmp_943
    {
        name = "ASSEMBLY_3";
        height = 1;
        visibility = TRUE;
        usecolumns = FALSE;
        rule = "";
        contenttype = "ASSEMBLY";
        sorttype = COMBINE;

        valuefield _tmp_944
        {
            name = "MAINPART.PROFILE_field";
            location = (28, 0);
            formula = "GetValue(\"MAINPART.PROFILE\")";
            datatype = STRING;
            class = "";
            cacheable = TRUE;
            justify = LEFT;
            visibility = TRUE;
            angle = 0;
            length = 14;
            sortdirection = NONE;
            fontname = "Courier New";
            fontcolor = 153;
            fonttype = 2;
            fontsize = 5;
            fontratio = 1.5;
            fontstyle = 0;
            fontslant = 0;
            pen = -1;
            oncombine = NONE;
        };

        text _tmp_985
        {
            name = "Assembly main part profile:";
            x1 = 0;
            y1 = 0;
            x2 = 0;
            y2 = 0;
            string = "Assembly main part profile: ";
            fontname = "Courier New";
            fontcolor = 153;
            fonttype = 2;
            fontsize = 2.5;
            fontratio = 1;
            fontslant = 0;
            fontstyle = 0;
            angle = 0;
            justify = LEFT;
            pen = -1;
        };
    };

    row _tmp_864
    {
        name = "CAST_UNIT";
        height = 1;
        visibility = TRUE;
        usecolumns = FALSE;
        rule = "";
        contenttype = "CAST_UNIT";
        sorttype = COMBINE;

        text _tmp_948
        {
            name = "Cast unit position:";
            x1 = 0;
            y1 = 0;
            x2 = 0;
            y2 = 0;
            string = "Cast unit position:";
            fontname = "Courier New";
            fontcolor = 153;
            fonttype = 2;
            fontsize = 2.5;
            fontratio = 1;
            fontslant = 0;
            fontstyle = 0;
            angle = 0;
            justify = LEFT;
            pen = -1;
        };

        valuefield _tmp_962
        {
            name = "CAST_UNIT_POS_field";
            location = (20, 0);
            formula = "GetValue(\"CAST_UNIT_POS\")";
            datatype = STRING;
            class = "";
            cacheable = TRUE;
            justify = LEFT;
            visibility = TRUE;
            angle = 0;
            length = 10;
            sortdirection = NONE;
            fontname = "Courier New";
            fontcolor = 153;
            fonttype = 2;
            fontsize = 5;
            fontratio = 1.5;
            fontstyle = 0;
            fontslant = 0;
            pen = -1;
            oncombine = NONE;
        };
    };

    row _tmp_893
    {
        name = "CAST_UNIT_1";
        height = 1;
        visibility = TRUE;
        usecolumns = FALSE;
        rule = "";
        contenttype = "CAST_UNIT";
        sorttype = COMBINE;

        text _tmp_949
        {
            name = "Cast unit length:";
            x1 = 0;
            y1 = 0;
            x2 = 0;
            y2 = 0;
            string = "Cast unit length (mm):";
            fontname = "Courier New";
            fontcolor = 153;
            fonttype = 2;
            fontsize = 2.5;
            fontratio = 1;
            fontslant = 0;
            fontstyle = 0;
            angle = 0;
            justify = LEFT;
            pen = -1;
        };

        valuefield _tmp_963
        {
            name = "LENGTH_field_1";
            location = (23, 0);
            formula = "GetValue(\"LENGTH\")";
            datatype = DOUBLE;
            class = "Length";
            cacheable = TRUE;
            justify = LEFT;
            visibility = TRUE;
            angle = 0;
            length = 8;
            decimals = 1;
            sortdirection = NONE;
            fontname = "Courier New";
            fontcolor = 153;
            fonttype = 2;
            fontsize = 5;
            fontratio = 1.5;
            fontstyle = 0;
            fontslant = 0;
            pen = -1;
            oncombine = NONE;
            unit = "mm";
        };
    };

    row _tmp_920
    {
        name = "CAST_UNIT_2";
        height = 1;
        visibility = TRUE;
        usecolumns = FALSE;
        rule = "";
        contenttype = "CAST_UNIT";
        sorttype = COMBINE;

        text _tmp_960
        {
            name = "Cast unit weight:";
            x1 = 0;
            y1 = 0;
            x2 = 0;
            y2 = 0;
            string = "Cast unit weight (kg):";
            fontname = "Courier New";
            fontcolor = 153;
            fonttype = 2;
            fontsize = 2.5;
            fontratio = 1;
            fontslant = 0;
            fontstyle = 0;
            angle = 0;
            justify = LEFT;
            pen = -1;
        };

        valuefield _tmp_964
        {
            name = "WEIGHT_field_1";
            location = (23, 0);
            formula = "GetValue(\"WEIGHT\")";
            datatype = DOUBLE;
            class = "Weight";
            cacheable = TRUE;
            justify = LEFT;
            visibility = TRUE;
            angle = 0;
            length = 8;
            decimals = 1;
            sortdirection = NONE;
            fontname = "Courier New";
            fontcolor = 153;
            fonttype = 2;
            fontsize = 5;
            fontratio = 1.5;
            fontstyle = 0;
            fontslant = 0;
            pen = -1;
            oncombine = NONE;
            unit = "kg";
        };
    };

    row _tmp_947
    {
        name = "CAST_UNIT_3";
        height = 1;
        visibility = TRUE;
        usecolumns = FALSE;
        rule = "";
        contenttype = "CAST_UNIT";
        sorttype = COMBINE;

        text _tmp_961
        {
            name = "Cast unit main part profile:";
            x1 = 0;
            y1 = 0;
            x2 = 0;
            y2 = 0;
            string = "Cast unit main part profile:";
            fontname = "Courier New";
            fontcolor = 153;
            fonttype = 2;
            fontsize = 2.5;
            fontratio = 1;
            fontslant = 0;
            fontstyle = 0;
            angle = 0;
            justify = LEFT;
            pen = -1;
        };

        valuefield _tmp_965
        {
            name = "MAINPART.PROFILE_field_1";
            location = (29, 0);
            formula = "GetValue(\"MAINPART.PROFILE\")";
            datatype = STRING;
            class = "";
            cacheable = TRUE;
            justify = LEFT;
            visibility = TRUE;
            angle = 0;
            length = 14;
            sortdirection = NONE;
            fontname = "Courier New";
            fontcolor = 153;
            fonttype = 2;
            fontsize = 5;
            fontratio = 1.5;
            fontstyle = 0;
            fontslant = 0;
            pen = -1;
            oncombine = NONE;
        };
    };
};
