
template _tmp_912
{
    name = "template2";
    type = TEXTUAL;
    width = 210;
    maxheight = 10000;
    columns = (1, 1);
    gap = 1;
    fillpolicy = EVEN;
    filldirection = HORIZONTAL;
    margins = (1, 1, 1, 1);
    gridxspacing = 1;
    gridyspacing = 1;
    version = 3.21;
    created = "06.06.2007 16:17";
    modified = "13.01.2016 15:37";
    notes = "";

    header _tmp_924
    {
        name = "Header";
        height = 1;

        text _tmp_38878
        {
            name = "guid";
            x1 = 0;
            y1 = 0;
            x2 = 0;
            y2 = 0;
            string = "GUID";
            fontname = "Arial";
            fontcolor = 153;
            fonttype = 2;
            fontsize = 1;
            fontratio = 1;
            fontslant = 0;
            fontstyle = 0;
            angle = 0;
            justify = LEFT;
            pen = -1;
        };

        text _tmp_38859
        {
            name = "Text_113";
            x1 = 170;
            y1 = 0;
            x2 = 170;
            y2 = 0;
            string = "ACTUAL_START_POUR";
            fontname = "Arial";
            fontcolor = 153;
            fonttype = 2;
            fontsize = 1;
            fontratio = 1;
            fontslant = 0;
            fontstyle = 0;
            angle = 0;
            justify = LEFT;
            pen = -1;
        };

        text _tmp_38860
        {
            name = "Text_114";
            x1 = 128;
            y1 = 0;
            x2 = 128;
            y2 = 0;
            string = "PLANNED_START_POUR";
            fontname = "Arial";
            fontcolor = 153;
            fonttype = 2;
            fontsize = 1;
            fontratio = 1;
            fontslant = 0;
            fontstyle = 0;
            angle = 0;
            justify = LEFT;
            pen = -1;
        };

        text _tmp_38869
        {
            name = "Text_123";
            x1 = 191;
            y1 = 0;
            x2 = 191;
            y2 = 0;
            string = "ACTUAL_END_POUR";
            fontname = "Arial";
            fontcolor = 153;
            fonttype = 2;
            fontsize = 1;
            fontratio = 1;
            fontslant = 0;
            fontstyle = 0;
            angle = 0;
            justify = LEFT;
            pen = -1;
        };

        text _tmp_38870
        {
            name = "Text_126";
            x1 = 150;
            y1 = 0;
            x2 = 150;
            y2 = 0;
            string = "PLANNED_END_POUR";
            fontname = "Arial";
            fontcolor = 153;
            fonttype = 2;
            fontsize = 1;
            fontratio = 1;
            fontslant = 0;
            fontstyle = 0;
            angle = 0;
            justify = LEFT;
            pen = -1;
        };

        text _tmp_38903
        {
            name = "Text_57";
            x1 = 65;
            y1 = 0;
            x2 = 65;
            y2 = 0;
            string = "POUR_NUMBER";
            fontname = "Arial";
            fontcolor = 153;
            fonttype = 2;
            fontsize = 1;
            fontratio = 1;
            fontslant = 0;
            fontstyle = 0;
            angle = 0;
            justify = LEFT;
            pen = -1;
        };

        text _tmp_38913
        {
            name = "Text_72";
            x1 = 116;
            y1 = 0;
            x2 = 116;
            y2 = 0;
            string = "VOLUME";
            fontname = "Arial";
            fontcolor = 153;
            fonttype = 2;
            fontsize = 1;
            fontratio = 1;
            fontslant = 0;
            fontstyle = 0;
            angle = 0;
            justify = LEFT;
            pen = -1;
        };

        text _tmp_113651
        {
            name = "Text_18";
            x1 = 50;
            y1 = 0;
            x2 = 50;
            y2 = 0;
            string = ";";
            fontname = "Arial";
            fontcolor = 153;
            fonttype = 2;
            fontsize = 1;
            fontratio = 1;
            fontslant = 0;
            fontstyle = 0;
            angle = 0;
            justify = LEFT;
            pen = 0;
            fontlinewidth = 1;
        };

        text _tmp_113659
        {
            name = "Text_29";
            x1 = 112;
            y1 = 0;
            x2 = 112;
            y2 = 0;
            string = ";";
            fontname = "Arial";
            fontcolor = 153;
            fonttype = 2;
            fontsize = 1;
            fontratio = 1;
            fontslant = 0;
            fontstyle = 0;
            angle = 0;
            justify = LEFT;
            pen = 0;
            fontlinewidth = 1;
        };

        text _tmp_113660
        {
            name = "Text_37";
            x1 = 127;
            y1 = 0;
            x2 = 127;
            y2 = 0;
            string = ";";
            fontname = "Arial";
            fontcolor = 153;
            fonttype = 2;
            fontsize = 1;
            fontratio = 1;
            fontslant = 0;
            fontstyle = 0;
            angle = 0;
            justify = LEFT;
            pen = 0;
            fontlinewidth = 1;
        };

        text _tmp_113661
        {
            name = "Text_38";
            x1 = 149;
            y1 = 0;
            x2 = 149;
            y2 = 0;
            string = ";";
            fontname = "Arial";
            fontcolor = 153;
            fonttype = 2;
            fontsize = 1;
            fontratio = 1;
            fontslant = 0;
            fontstyle = 0;
            angle = 0;
            justify = LEFT;
            pen = 0;
            fontlinewidth = 1;
        };

        text _tmp_113662
        {
            name = "Text_39";
            x1 = 169;
            y1 = 0;
            x2 = 169;
            y2 = 0;
            string = ";";
            fontname = "Arial";
            fontcolor = 153;
            fonttype = 2;
            fontsize = 1;
            fontratio = 1;
            fontslant = 0;
            fontstyle = 0;
            angle = 0;
            justify = LEFT;
            pen = 0;
            fontlinewidth = 1;
        };

        text _tmp_113663
        {
            name = "Text_40";
            x1 = 190;
            y1 = 0;
            x2 = 190;
            y2 = 0;
            string = ";";
            fontname = "Arial";
            fontcolor = 153;
            fonttype = 2;
            fontsize = 1;
            fontratio = 1;
            fontslant = 0;
            fontstyle = 0;
            angle = 0;
            justify = LEFT;
            pen = 0;
            fontlinewidth = 1;
        };

        text _tmp_25176
        {
            name = "Text_2";
            x1 = 51;
            y1 = 0;
            x2 = 51;
            y2 = 0;
            string = "POUR_TYPE";
            fontname = "Arial";
            fontcolor = 153;
            fonttype = 2;
            fontsize = 1;
            fontratio = 1;
            fontslant = 0;
            fontstyle = 0;
            angle = 0;
            justify = LEFT;
            pen = -1;
        };

        text _tmp_25336
        {
            name = "Text_4";
            x1 = 81;
            y1 = 0;
            x2 = 81;
            y2 = 0;
            string = "MATERIAL";
            fontname = "Arial";
            fontcolor = 153;
            fonttype = 2;
            fontsize = 1;
            fontratio = 1;
            fontslant = 0;
            fontstyle = 0;
            angle = 0;
            justify = LEFT;
            pen = -1;
        };

        text _tmp_25339
        {
            name = "Text_5";
            x1 = 64;
            y1 = 0;
            x2 = 64;
            y2 = 0;
            string = ";";
            fontname = "Arial";
            fontcolor = 153;
            fonttype = 2;
            fontsize = 1;
            fontratio = 1;
            fontslant = 0;
            fontstyle = 0;
            angle = 0;
            justify = LEFT;
            pen = 0;
            fontlinewidth = 1;
        };

        text _tmp_25340
        {
            name = "Text_6";
            x1 = 80;
            y1 = 0;
            x2 = 80;
            y2 = 0;
            string = ";";
            fontname = "Arial";
            fontcolor = 153;
            fonttype = 2;
            fontsize = 1;
            fontratio = 1;
            fontslant = 0;
            fontstyle = 0;
            angle = 0;
            justify = LEFT;
            pen = 0;
            fontlinewidth = 1;
        };

        text _tmp_25341
        {
            name = "Text_7";
            x1 = 92;
            y1 = 0;
            x2 = 92;
            y2 = 0;
            string = ";";
            fontname = "Arial";
            fontcolor = 153;
            fonttype = 2;
            fontsize = 1;
            fontratio = 1;
            fontslant = 0;
            fontstyle = 0;
            angle = 0;
            justify = LEFT;
            pen = 0;
            fontlinewidth = 1;
        };

        text _tmp_25659
        {
            name = "Text_8";
            x1 = 93;
            y1 = 0;
            x2 = 93;
            y2 = 0;
            string = "CONCRETE_MIXTURE";
            fontname = "Arial";
            fontcolor = 153;
            fonttype = 2;
            fontsize = 1;
            fontratio = 1;
            fontslant = 0;
            fontstyle = 0;
            angle = 0;
            justify = LEFT;
            pen = -1;
        };

        text _tmp_3
        {
            name = "Text_16";
            x1 = 123;
            y1 = 0;
            x2 = 123;
            y2 = 0;
            string = "(§©)";
            fontname = "Arial";
            fontcolor = 153;
            fonttype = 2;
            fontsize = 1;
            fontratio = 1;
            fontslant = 0;
            fontstyle = 0;
            angle = 0;
            justify = LEFT;
            pen = -1;
        };
    };

    row _tmp_9380
    {
        name = "POUR_OBJECT";
        height = 1;
        visibility = TRUE;
        usecolumns = FALSE;
        rule = "";
        contenttype = "POUR_OBJECT";
        sorttype = DISTINCT;

        valuefield _tmp_9471
        {
            name = "GUID_field";
            location = (5, 0);
            formula = "GetValue(\"GUID\")";
            datatype = STRING;
            class = "";
            cacheable = TRUE;
            justify = LEFT;
            visibility = TRUE;
            angle = 0;
            length = 45;
            decimals = 0;
            sortdirection = NONE;
            fontname = "Arial Narrow";
            fontcolor = 153;
            fonttype = 2;
            fontsize = 1;
            fontratio = 1;
            fontstyle = 0;
            fontslant = 0;
            pen = 0;
            oncombine = NONE;
        };

        valuefield _tmp_25167
        {
            name = "POUR_TYPE";
            location = (51, 0);
            formula = "GetValue(\"POUR_TYPE\")";
            datatype = STRING;
            class = "";
            cacheable = TRUE;
            justify = LEFT;
            visibility = TRUE;
            angle = 0;
            length = 12;
            decimals = 0;
            sortdirection = ASCENDING;
            fontname = "Courier New";
            fontcolor = 153;
            fonttype = 2;
            fontsize = 0.8;
            fontratio = 0.75;
            fontstyle = 0;
            fontslant = 0;
            pen = 0;
            oncombine = NONE;
        };

        valuefield _tmp_25168
        {
            name = "POUR_NUMBER_field";
            location = (65, 0);
            formula = "GetValue(\"POUR_NUMBER\")";
            datatype = STRING;
            class = "";
            cacheable = TRUE;
            justify = RIGHT;
            visibility = TRUE;
            angle = 0;
            length = 10;
            decimals = 1;
            sortdirection = ASCENDING;
            fontname = "Courier New";
            fontcolor = 153;
            fonttype = 2;
            fontsize = 0.8;
            fontratio = 0.75;
            fontstyle = 0;
            fontslant = 0;
            pen = 0;
            oncombine = NONE;
        };

        valuefield _tmp_25169
        {
            name = "MATERIAL_field";
            location = (81, 0);
            formula = "GetValue(\"MATERIAL\")";
            datatype = STRING;
            class = "";
            cacheable = TRUE;
            justify = RIGHT;
            visibility = TRUE;
            angle = 0;
            length = 8;
            decimals = 1;
            sortdirection = ASCENDING;
            fontname = "Courier New";
            fontcolor = 153;
            fonttype = 2;
            fontsize = 0.8;
            fontratio = 0.75;
            fontstyle = 0;
            fontslant = 0;
            pen = 0;
            oncombine = NONE;
        };

        valuefield _tmp_25170
        {
            name = "CONCRETE_MIXTURE_field";
            location = (93, 0);
            formula = "GetValue(\"CONCRETE_MIXTURE\")";
            datatype = STRING;
            class = "";
            cacheable = TRUE;
            justify = LEFT;
            visibility = TRUE;
            angle = 0;
            length = 12;
            decimals = 1;
            sortdirection = ASCENDING;
            fontname = "Courier New";
            fontcolor = 153;
            fonttype = 2;
            fontsize = 0.8;
            fontratio = 0.75;
            fontstyle = 0;
            fontslant = 0;
            pen = 0;
            oncombine = NONE;
        };

        valuefield _tmp_25171
        {
            name = "VOLUME_field";
            location = (113, 0);
            formula = "GetValue(\"VOLUME\")";
            datatype = DOUBLE;
            class = "Volume";
            cacheable = TRUE;
            justify = RIGHT;
            visibility = TRUE;
            angle = 0;
            length = 10;
            decimals = 2;
            sortdirection = ASCENDING;
            fontname = "Courier New";
            fontcolor = 153;
            fonttype = 2;
            fontsize = 0.8;
            fontratio = 0.75;
            fontstyle = 0;
            fontslant = 0;
            pen = 0;
            oncombine = SUM;
            unit = "m3";
        };

        valuefield _tmp_2593
        {
            name = "PLANNED_START_POUR_field";
            location = (128, 0);
            formula = "GetValue(\"USERDEFINED.PLANNED_START_POUR\")";
            datatype = INTEGER;
            class = "Date";
            cacheable = TRUE;
            justify = LEFT;
            visibility = TRUE;
            angle = 0;
            length = 15;
            decimals = 0;
            sortdirection = NONE;
            fontname = "Arial Narrow";
            fontcolor = 153;
            fonttype = 2;
            fontsize = 5;
            fontratio = 1.5;
            fontstyle = 0;
            fontslant = 0;
            pen = -1;
            oncombine = NONE;
            unit = "dd.mm.yyyy";
        };

        valuefield _tmp_2597
        {
            name = "PLANNED_END_POUR_field";
            location = (150, 0);
            formula = "GetValue(\"USERDEFINED.PLANNED_END_POUR\")";
            datatype = INTEGER;
            class = "Date";
            cacheable = TRUE;
            justify = LEFT;
            visibility = TRUE;
            angle = 0;
            length = 15;
            decimals = 0;
            sortdirection = NONE;
            fontname = "Arial Narrow";
            fontcolor = 153;
            fonttype = 2;
            fontsize = 5;
            fontratio = 1.5;
            fontstyle = 0;
            fontslant = 0;
            pen = -1;
            oncombine = NONE;
            unit = "dd.mm.yyyy";
        };

        valuefield _tmp_2595
        {
            name = "ACTUAL_START_POUR";
            location = (170, 0);
            formula = "GetValue(\"USERDEFINED.ACTUAL_START_POUR\")";
            datatype = INTEGER;
            class = "Date";
            cacheable = TRUE;
            justify = LEFT;
            visibility = TRUE;
            angle = 0;
            length = 15;
            decimals = 0;
            sortdirection = NONE;
            fontname = "Arial Narrow";
            fontcolor = 153;
            fonttype = 2;
            fontsize = 0.8;
            fontratio = 1.125;
            fontstyle = 0;
            fontslant = 0;
            pen = 0;
            oncombine = NONE;
            unit = "dd.mm.yyyy";
            fontlinewidth = 1;
        };

        valuefield _tmp_2599
        {
            name = "ACTUAL_END_POUR_field";
            location = (191, 0);
            formula = "GetValue(\"USERDEFINED.ACTUAL_END_POUR\")";
            datatype = INTEGER;
            class = "Date";
            cacheable = TRUE;
            justify = LEFT;
            visibility = TRUE;
            angle = 0;
            length = 15;
            decimals = 0;
            sortdirection = NONE;
            fontname = "Arial Narrow";
            fontcolor = 153;
            fonttype = 2;
            fontsize = 5;
            fontratio = 1.5;
            fontstyle = 0;
            fontslant = 0;
            pen = -1;
            oncombine = NONE;
            unit = "dd.mm.yyyy";
        };

        text _tmp_113603
        {
            name = "Text_3";
            x1 = 50;
            y1 = 0;
            x2 = 50;
            y2 = 0;
            string = ";";
            fontname = "Arial";
            fontcolor = 153;
            fonttype = 2;
            fontsize = 1;
            fontratio = 1;
            fontslant = 0;
            fontstyle = 0;
            angle = 0;
            justify = LEFT;
            pen = 0;
            fontlinewidth = 1;
        };

        text _tmp_113610
        {
            name = "Text_10";
            x1 = 112;
            y1 = 0;
            x2 = 112;
            y2 = 0;
            string = ";";
            fontname = "Arial";
            fontcolor = 153;
            fonttype = 2;
            fontsize = 1;
            fontratio = 1;
            fontslant = 0;
            fontstyle = 0;
            angle = 0;
            justify = LEFT;
            pen = 0;
            fontlinewidth = 1;
        };

        text _tmp_113611
        {
            name = "Text_11";
            x1 = 92;
            y1 = 0;
            x2 = 92;
            y2 = 0;
            string = ";";
            fontname = "Arial";
            fontcolor = 153;
            fonttype = 2;
            fontsize = 1;
            fontratio = 1;
            fontslant = 0;
            fontstyle = 0;
            angle = 0;
            justify = LEFT;
            pen = 0;
            fontlinewidth = 1;
        };

        text _tmp_113612
        {
            name = "Text_12";
            x1 = 127;
            y1 = 0;
            x2 = 127;
            y2 = 0;
            string = ";";
            fontname = "Arial";
            fontcolor = 153;
            fonttype = 2;
            fontsize = 1;
            fontratio = 1;
            fontslant = 0;
            fontstyle = 0;
            angle = 0;
            justify = LEFT;
            pen = 0;
            fontlinewidth = 1;
        };

        text _tmp_113613
        {
            name = "Text_13";
            x1 = 149;
            y1 = 0;
            x2 = 149;
            y2 = 0;
            string = ";";
            fontname = "Arial";
            fontcolor = 153;
            fonttype = 2;
            fontsize = 1;
            fontratio = 1;
            fontslant = 0;
            fontstyle = 0;
            angle = 0;
            justify = LEFT;
            pen = 0;
            fontlinewidth = 1;
        };

        text _tmp_113614
        {
            name = "Text_14";
            x1 = 169;
            y1 = 0;
            x2 = 169;
            y2 = 0;
            string = ";";
            fontname = "Arial";
            fontcolor = 153;
            fonttype = 2;
            fontsize = 1;
            fontratio = 1;
            fontslant = 0;
            fontstyle = 0;
            angle = 0;
            justify = LEFT;
            pen = 0;
            fontlinewidth = 1;
        };

        text _tmp_113648
        {
            name = "Text_15";
            x1 = 190;
            y1 = 0;
            x2 = 190;
            y2 = 0;
            string = ";";
            fontname = "Arial";
            fontcolor = 153;
            fonttype = 2;
            fontsize = 1;
            fontratio = 1;
            fontslant = 0;
            fontstyle = 0;
            angle = 0;
            justify = LEFT;
            pen = 0;
            fontlinewidth = 1;
        };

        text _tmp_25173
        {
            name = "Text";
            x1 = 80;
            y1 = 0;
            x2 = 80;
            y2 = 0;
            string = ";";
            fontname = "Arial";
            fontcolor = 153;
            fonttype = 2;
            fontsize = 1;
            fontratio = 1;
            fontslant = 0;
            fontstyle = 0;
            angle = 0;
            justify = LEFT;
            pen = 0;
            fontlinewidth = 1;
        };

        text _tmp_25174
        {
            name = "Text_1";
            x1 = 64;
            y1 = 0;
            x2 = 64;
            y2 = 0;
            string = ";";
            fontname = "Arial";
            fontcolor = 153;
            fonttype = 2;
            fontsize = 1;
            fontratio = 1;
            fontslant = 0;
            fontstyle = 0;
            angle = 0;
            justify = LEFT;
            pen = 0;
            fontlinewidth = 1;
        };

        text _tmp_3
        {
            name = "Text_9";
            x1 = 0;
            y1 = 0;
            x2 = 0;
            y2 = 0;
            string = "guid:";
            fontname = "Courier New";
            fontcolor = 153;
            fonttype = 2;
            fontsize = 2.38;
            fontratio = 1;
            fontslant = 0;
            fontstyle = 0;
            angle = 0;
            justify = LEFT;
            pen = 0;
        };
    };
};
